[2025-12-18 19:20:36] ============================================================
[2025-12-18 19:20:36] Sleep Apnea Detection - Experiment Started
[2025-12-18 19:20:36] ============================================================
[2025-12-18 19:20:36] Dataset info: {'train_records': ['a01', 'a02', 'a03', 'a04', 'a05', 'a06', 'a07', 'a08', 'a09', 'a10', 'a11', 'a12', 'a13', 'a14', 'a15', 'a16', 'a17', 'a18', 'a19', 'a20', 'b01', 'b02', 'b03', 'b04', 'b05', 'c01', 'c02', 'c03', 'c04', 'c05', 'c06', 'c07', 'c08', 'c09', 'c10'], 'test_records': ['x01', 'x02', 'x03', 'x04', 'x05', 'x06', 'x07', 'x08', 'x09', 'x10', 'x11', 'x12', 'x13', 'x14', 'x15', 'x16', 'x17', 'x18', 'x19', 'x20', 'x21', 'x22', 'x23', 'x24', 'x25', 'x26', 'x27', 'x28', 'x29', 'x30', 'x31', 'x32', 'x33', 'x34', 'x35'], 'sampling_rate': 100, 'segment_duration_sec': 60, 'segment_samples': 6000}
[2025-12-18 19:20:36] 
Loading training data...
[2025-12-18 19:20:42] Loaded 17023 segments from 35 records
[2025-12-18 19:20:42] Class distribution: Normal=10512, Apnea=6511
[2025-12-18 19:20:42] 
⚠️ QUICK TEST MODE - Using limited data
[2025-12-18 19:20:42] 
Preprocessing ECG signals...
[2025-12-18 19:20:45] Preprocessed data shape: (1000, 6000)
[2025-12-18 19:20:45] 
Splitting data (subject-wise)...
[2025-12-18 19:20:45] Train: 737, Val: 79, Test: 184
[2025-12-18 19:20:45] Train class dist: Normal=441, Apnea=296
[2025-12-18 19:20:45] 
============================================================
[2025-12-18 19:20:45] MACHINE LEARNING MODELS
[2025-12-18 19:20:45] ============================================================
[2025-12-18 19:20:45] 
Extracting features for ML models...
[2025-12-18 19:56:03] Extracted 43 features
[2025-12-18 19:56:03] Feature names: ['mean_rr', 'std_rr', 'median_rr', 'range_rr', 'iqr_rr', 'mean_hr', 'std_hr', 'rmssd', 'sdnn', 'nn50']...
[2025-12-18 19:56:03] Starting ML Pipeline...
[2025-12-18 19:56:03] Training samples: 816, Test samples: 184
[2025-12-18 19:56:56] SVM - test metrics:
[2025-12-18 19:56:56]   accuracy: 0.7283
[2025-12-18 19:56:56]   precision: 0.5325
[2025-12-18 19:56:56]   recall: 0.7455
[2025-12-18 19:56:56]   specificity: 0.7209
[2025-12-18 19:56:56]   f1: 0.6212
[2025-12-18 19:56:56]   auc: 0.8292
[2025-12-18 19:56:56] RandomForest - test metrics:
[2025-12-18 19:56:56]   accuracy: 0.7880
[2025-12-18 19:56:56]   precision: 0.6481
[2025-12-18 19:56:56]   recall: 0.6364
[2025-12-18 19:56:56]   specificity: 0.8527
[2025-12-18 19:56:56]   f1: 0.6422
[2025-12-18 19:56:56]   auc: 0.7473
[2025-12-18 19:56:56] GradientBoosting - test metrics:
[2025-12-18 19:56:56]   accuracy: 0.7880
[2025-12-18 19:56:56]   precision: 0.6429
[2025-12-18 19:56:56]   recall: 0.6545
[2025-12-18 19:56:56]   specificity: 0.8450
[2025-12-18 19:56:56]   f1: 0.6486
[2025-12-18 19:56:56]   auc: 0.7525
[2025-12-18 19:56:56] XGBoost - test metrics:
[2025-12-18 19:56:56]   accuracy: 0.8043
[2025-12-18 19:56:56]   precision: 0.6792
[2025-12-18 19:56:56]   recall: 0.6545
[2025-12-18 19:56:56]   specificity: 0.8682
[2025-12-18 19:56:56]   f1: 0.6667
[2025-12-18 19:56:56]   auc: 0.7601
[2025-12-18 19:56:56] LogisticRegression - test metrics:
[2025-12-18 19:56:56]   accuracy: 0.7228
[2025-12-18 19:56:56]   precision: 0.5250
[2025-12-18 19:56:56]   recall: 0.7636
[2025-12-18 19:56:56]   specificity: 0.7054
[2025-12-18 19:56:56]   f1: 0.6222
[2025-12-18 19:56:56]   auc: 0.7587
[2025-12-18 19:56:56] 
============================================================
[2025-12-18 19:56:56] DEEP LEARNING MODELS
[2025-12-18 19:56:56] ============================================================
[2025-12-18 19:56:56] Starting DL Pipeline...
[2025-12-18 19:56:56] Training: 737, Validation: 79, Test: 184
[2025-12-18 19:56:56] Using device: cpu
[2025-12-18 20:21:52] CNN1D - test metrics:
[2025-12-18 20:21:52]   accuracy: 0.6250
[2025-12-18 20:21:52]   precision: 0.4426
[2025-12-18 20:21:52]   recall: 0.9818
[2025-12-18 20:21:52]   specificity: 0.4729
[2025-12-18 20:21:52]   f1: 0.6102
[2025-12-18 20:21:52]   auc: 0.7979
[2025-12-18 20:21:52] LSTM - test metrics:
[2025-12-18 20:21:52]   accuracy: 0.2989
[2025-12-18 20:21:52]   precision: 0.2989
[2025-12-18 20:21:52]   recall: 1.0000
[2025-12-18 20:21:52]   specificity: 0.0000
[2025-12-18 20:21:52]   f1: 0.4603
[2025-12-18 20:21:52]   auc: 0.5803
[2025-12-18 20:21:52] CNN_LSTM - test metrics:
[2025-12-18 20:21:52]   accuracy: 0.5163
[2025-12-18 20:21:52]   precision: 0.3819
[2025-12-18 20:21:52]   recall: 1.0000
[2025-12-18 20:21:52]   specificity: 0.3101
[2025-12-18 20:21:52]   f1: 0.5528
[2025-12-18 20:21:52]   auc: 0.7872
[2025-12-18 20:21:55] 
============================================================
[2025-12-18 20:21:55] ENSEMBLE MODELS
[2025-12-18 20:21:55] ============================================================
[2025-12-18 20:22:05] Ensemble_voting_soft - test metrics:
[2025-12-18 20:22:05]   accuracy: 0.6848
[2025-12-18 20:22:05]   precision: 0.4867
[2025-12-18 20:22:05]   recall: 1.0000
[2025-12-18 20:22:05]   specificity: 0.5504
[2025-12-18 20:22:05]   f1: 0.6548
[2025-12-18 20:22:05]   auc: 0.8884
[2025-12-18 20:22:05] Ensemble_voting_hard - test metrics:
[2025-12-18 20:22:05]   accuracy: 0.6196
[2025-12-18 20:22:05]   precision: 0.4400
[2025-12-18 20:22:05]   recall: 1.0000
[2025-12-18 20:22:05]   specificity: 0.4574
[2025-12-18 20:22:05]   f1: 0.6111
[2025-12-18 20:22:05]   auc: 0.8192
[2025-12-18 20:22:05] Ensemble_stacking - test metrics:
[2025-12-18 20:22:05]   accuracy: 0.7554
[2025-12-18 20:22:05]   precision: 0.5735
[2025-12-18 20:22:05]   recall: 0.7091
[2025-12-18 20:22:05]   specificity: 0.7752
[2025-12-18 20:22:05]   f1: 0.6341
[2025-12-18 20:22:05]   auc: 0.8548
[2025-12-18 20:22:05] 
============================================================
[2025-12-18 20:22:05] FINAL RESULTS
[2025-12-18 20:22:05] ============================================================
[2025-12-18 20:22:05] 
Generating evaluation plots...
[2025-12-18 20:22:35] Could not generate plots for Ensemble_voting_soft: HybridEnsemble.predict() missing 1 required positional argument: 'X_raw'
[2025-12-18 20:22:35] Could not generate plots for Ensemble_voting_hard: HybridEnsemble.predict() missing 1 required positional argument: 'X_raw'
[2025-12-18 20:22:35] Could not generate plots for Ensemble_stacking: HybridEnsemble.predict() missing 1 required positional argument: 'X_raw'
[2025-12-18 20:22:35] 
Saving results...
[2025-12-18 20:22:36] 
============================================================
[2025-12-18 20:22:36] 🏆 BEST MODEL: Ensemble_voting_soft
[2025-12-18 20:22:36]    AUC: 0.8884
[2025-12-18 20:22:36]    Accuracy: 0.6848
[2025-12-18 20:22:36]    F1: 0.6548
[2025-12-18 20:22:36]    Sensitivity: 1.0000
[2025-12-18 20:22:36]    Specificity: 0.5504
[2025-12-18 20:22:36] ============================================================
