[2025-12-17 13:45:51] ============================================================
[2025-12-17 13:45:51] Sleep Apnea Detection - Experiment Started
[2025-12-17 13:45:51] ============================================================
[2025-12-17 13:45:51] Dataset info: {'train_records': ['a01', 'a02', 'a03', 'a04', 'a05', 'a06', 'a07', 'a08', 'a09', 'a10', 'a11', 'a12', 'a13', 'a14', 'a15', 'a16', 'a17', 'a18', 'a19', 'a20', 'b01', 'b02', 'b03', 'b04', 'b05', 'c01', 'c02', 'c03', 'c04', 'c05', 'c06', 'c07', 'c08', 'c09', 'c10'], 'test_records': ['x01', 'x02', 'x03', 'x04', 'x05', 'x06', 'x07', 'x08', 'x09', 'x10', 'x11', 'x12', 'x13', 'x14', 'x15', 'x16', 'x17', 'x18', 'x19', 'x20', 'x21', 'x22', 'x23', 'x24', 'x25', 'x26', 'x27', 'x28', 'x29', 'x30', 'x31', 'x32', 'x33', 'x34', 'x35'], 'sampling_rate': 100, 'segment_duration_sec': 60, 'segment_samples': 6000}
[2025-12-17 13:45:51] 
Loading training data...
[2025-12-17 13:45:53] Loaded 17023 segments from 35 records
[2025-12-17 13:45:53] Class distribution: Normal=10512, Apnea=6511
[2025-12-17 13:45:53] 
⚠️ QUICK TEST MODE - Using limited data
[2025-12-17 13:45:53] 
Preprocessing ECG signals...
[2025-12-17 13:45:53] Preprocessed data shape: (1000, 6000)
[2025-12-17 13:45:53] 
Splitting data (subject-wise)...
[2025-12-17 13:45:53] Train: 713, Val: 87, Test: 200
[2025-12-17 13:45:53] Train class dist: Normal=427, Apnea=286
[2025-12-17 13:45:53] 
============================================================
[2025-12-17 13:45:53] MACHINE LEARNING MODELS
[2025-12-17 13:45:53] ============================================================
[2025-12-17 13:45:53] 
Extracting features for ML models...
[2025-12-17 14:30:13] Extracted 43 features
[2025-12-17 14:30:13] Feature names: ['mean_rr', 'std_rr', 'median_rr', 'range_rr', 'iqr_rr', 'mean_hr', 'std_hr', 'rmssd', 'sdnn', 'nn50']...
[2025-12-17 14:30:13] Starting ML Pipeline...
[2025-12-17 14:30:13] Training samples: 800, Test samples: 200
[2025-12-17 14:32:30] SVM - test metrics:
[2025-12-17 14:32:30]   accuracy: 0.7700
[2025-12-17 14:32:30]   precision: 0.8689
[2025-12-17 14:32:30]   recall: 0.5824
[2025-12-17 14:32:30]   specificity: 0.9266
[2025-12-17 14:32:30]   f1: 0.6974
[2025-12-17 14:32:30]   auc: 0.8546
[2025-12-17 14:32:30] RandomForest - test metrics:
[2025-12-17 14:32:30]   accuracy: 0.7250
[2025-12-17 14:32:30]   precision: 0.8462
[2025-12-17 14:32:30]   recall: 0.4835
[2025-12-17 14:32:30]   specificity: 0.9266
[2025-12-17 14:32:30]   f1: 0.6154
[2025-12-17 14:32:30]   auc: 0.8770
[2025-12-17 14:32:30] GradientBoosting - test metrics:
[2025-12-17 14:32:30]   accuracy: 0.7700
[2025-12-17 14:32:30]   precision: 0.8358
[2025-12-17 14:32:30]   recall: 0.6154
[2025-12-17 14:32:30]   specificity: 0.8991
[2025-12-17 14:32:30]   f1: 0.7089
[2025-12-17 14:32:30]   auc: 0.8862
[2025-12-17 14:32:30] XGBoost - test metrics:
[2025-12-17 14:32:30]   accuracy: 0.7850
[2025-12-17 14:32:30]   precision: 0.8636
[2025-12-17 14:32:30]   recall: 0.6264
[2025-12-17 14:32:30]   specificity: 0.9174
[2025-12-17 14:32:30]   f1: 0.7261
[2025-12-17 14:32:30]   auc: 0.8814
[2025-12-17 14:32:30] LogisticRegression - test metrics:
[2025-12-17 14:32:30]   accuracy: 0.7850
[2025-12-17 14:32:30]   precision: 0.7857
[2025-12-17 14:32:30]   recall: 0.7253
[2025-12-17 14:32:30]   specificity: 0.8349
[2025-12-17 14:32:30]   f1: 0.7543
[2025-12-17 14:32:30]   auc: 0.8721
[2025-12-17 14:32:30] 
============================================================
[2025-12-17 14:32:30] FINAL RESULTS
[2025-12-17 14:32:30] ============================================================
[2025-12-17 14:32:30] 
Generating evaluation plots...
[2025-12-17 14:32:33] 
Saving results...
[2025-12-17 14:32:33] 
============================================================
[2025-12-17 14:32:33] 🏆 BEST MODEL: XGBoost
[2025-12-17 14:32:33]    Accuracy: 0.7850
[2025-12-17 14:32:33]    AUC: 0.8814
[2025-12-17 14:32:33] ============================================================
