[2025-12-17 15:02:47] ============================================================
[2025-12-17 15:02:47] Sleep Apnea Detection - Experiment Started
[2025-12-17 15:02:47] ============================================================
[2025-12-17 15:02:47] Dataset info: {'train_records': ['a01', 'a02', 'a03', 'a04', 'a05', 'a06', 'a07', 'a08', 'a09', 'a10', 'a11', 'a12', 'a13', 'a14', 'a15', 'a16', 'a17', 'a18', 'a19', 'a20', 'b01', 'b02', 'b03', 'b04', 'b05', 'c01', 'c02', 'c03', 'c04', 'c05', 'c06', 'c07', 'c08', 'c09', 'c10'], 'test_records': ['x01', 'x02', 'x03', 'x04', 'x05', 'x06', 'x07', 'x08', 'x09', 'x10', 'x11', 'x12', 'x13', 'x14', 'x15', 'x16', 'x17', 'x18', 'x19', 'x20', 'x21', 'x22', 'x23', 'x24', 'x25', 'x26', 'x27', 'x28', 'x29', 'x30', 'x31', 'x32', 'x33', 'x34', 'x35'], 'sampling_rate': 100, 'segment_duration_sec': 60, 'segment_samples': 6000}
[2025-12-17 15:02:47] 
Loading training data...
[2025-12-17 15:02:49] Loaded 17023 segments from 35 records
[2025-12-17 15:02:49] Class distribution: Normal=10512, Apnea=6511
[2025-12-17 15:02:49] 
⚠️ QUICK TEST MODE - Using limited data
[2025-12-17 15:02:49] 
Preprocessing ECG signals...
[2025-12-17 15:02:49] Preprocessed data shape: (1000, 6000)
[2025-12-17 15:02:49] 
Splitting data (subject-wise)...
[2025-12-17 15:02:49] Train: 710, Val: 88, Test: 202
[2025-12-17 15:02:49] Train class dist: Normal=458, Apnea=252
[2025-12-17 15:02:49] 
============================================================
[2025-12-17 15:02:49] DEEP LEARNING MODELS
[2025-12-17 15:02:49] ============================================================
[2025-12-17 15:02:49] Starting DL Pipeline...
[2025-12-17 15:02:49] Training: 710, Validation: 88, Test: 202
[2025-12-17 15:02:49] Using device: cpu
[2025-12-17 15:25:18] CNN1D - test metrics:
[2025-12-17 15:25:18]   accuracy: 0.7673
[2025-12-17 15:25:18]   precision: 0.6667
[2025-12-17 15:25:18]   recall: 0.8537
[2025-12-17 15:25:18]   specificity: 0.7083
[2025-12-17 15:25:18]   f1: 0.7487
[2025-12-17 15:25:18]   auc: 0.8050
[2025-12-17 15:25:18] LSTM - test metrics:
[2025-12-17 15:25:18]   accuracy: 0.5941
[2025-12-17 15:25:18]   precision: 0.0000
[2025-12-17 15:25:18]   recall: 0.0000
[2025-12-17 15:25:18]   specificity: 1.0000
[2025-12-17 15:25:18]   f1: 0.0000
[2025-12-17 15:25:18]   auc: 0.4191
[2025-12-17 15:25:18] CNN_LSTM - test metrics:
[2025-12-17 15:25:18]   accuracy: 0.5446
[2025-12-17 15:25:18]   precision: 0.4702
[2025-12-17 15:25:18]   recall: 0.9634
[2025-12-17 15:25:18]   specificity: 0.2583
[2025-12-17 15:25:18]   f1: 0.6320
[2025-12-17 15:25:18]   auc: 0.7765
[2025-12-17 15:25:20] 
============================================================
[2025-12-17 15:25:20] FINAL RESULTS
[2025-12-17 15:25:20] ============================================================
[2025-12-17 15:25:20] 
Generating evaluation plots...
[2025-12-17 15:25:54] 
Saving results...
[2025-12-17 15:25:54] 
============================================================
[2025-12-17 15:25:54] 🏆 BEST MODEL: CNN1D
[2025-12-17 15:25:54]    Accuracy: 0.7673
[2025-12-17 15:25:54]    AUC: 0.8050
[2025-12-17 15:25:54] ============================================================
